2026/08/21 18:07:54 main.go:37: [LOGS] Logger setup successfully!
2026/08/21 18:07:54 main.go:40: [LOGS] Loading environment variables...
2026/08/21 18:07:54 main.go:47: [LOGS] Environemnet variables loaded!
2026/08/21 18:07:54 main.go:50: [LOGS] Obtaining initial tokens...
2026/08/21 18:07:55 main.go:52: [LOGS] Tokens recieved!
2026/08/21 18:07:55 main.go:53: Initialsiing completed successfully
2026/08/21 18:07:55 main.go:67: ========================= ITERATION 1 =========================
2026/08/21 18:07:55 main.go:70: [LOGS] Making search request...
2026/08/21 18:07:55 main.go:75: found 0 listings
2026/08/21 18:07:55 main.go:79: Total elapsed time - 0 day(s), 00 hour(s) 00 minute(s)
2026/08/21 18:08:55 main.go:67: ========================= ITERATION 2 =========================
2026/08/21 18:08:55 main.go:70: [LOGS] Making search request...
2026/08/21 18:08:56 main.go:75: found 0 listings
2026/08/21 18:08:56 main.go:79: Total elapsed time - 0 day(s), 00 hour(s) 01 minute(s)
2026/08/21 18:09:56 main.go:67: ========================= ITERATION 3 =========================
2026/08/21 18:09:56 main.go:70: [LOGS] Making search request...
2026/08/21 18:09:56 main.go:75: found 0 listings
2026/08/21 18:09:56 main.go:79: Total elapsed time - 0 day(s), 00 hour(s) 02 minute(s)
2026/08/21 18:10:56 main.go:67: ========================= ITERATION 4 =========================
2026/08/21 18:10:56 main.go:70: [LOGS] Making search request...
2026/08/21 18:10:57 main.go:75: found 0 listings
2026/08/21 18:10:57 main.go:79: Total elapsed time - 0 day(s), 00 hour(s) 03 minute(s)
2026/08/21 18:11:57 main.go:67: ========================= ITERATION 5 =========================
2026/08/21 18:11:57 main.go:70: [LOGS] Making search request...
2026/08/21 18:11:57 main.go:75: found 0 listings
2026/08/21 18:11:57 main.go:79: Total elapsed time - 0 day(s), 00 hour(s) 04 minute(s)
2026/08/21 18:12:57 main.go:67: ========================= ITERATION 6 =========================
2026/08/21 18:12:57 main.go:70: [LOGS] Making search request...
2026/08/21 18:12:57 main.go:75: found 0 listings
2026/08/21 18:12:57 main.go:79: Total elapsed time - 0 day(s), 00 hour(s) 05 minute(s)
2026/08/21 18:13:57 main.go:67: ========================= ITERATION 7 =========================
2026/08/21 18:13:57 main.go:70: [LOGS] Making search request...
2026/08/21 18:13:58 main.go:75: found 0 listings
2026/08/21 18:13:58 main.go:79: Total elapsed time - 0 day(s), 00 hour(s) 06 minute(s)
2026/08/21 18:19:05 main.go:67: ========================= ITERATION 8 =========================
2026/08/21 18:19:05 main.go:70: [LOGS] Making search request...
2026/08/21 18:19:06 main.go:75: found 0 listings
2026/08/21 18:19:06 main.go:79: Total elapsed time - 0 day(s), 00 hour(s) 07 minute(s)
2026/08/21 18:20:06 main.go:67: ========================= ITERATION 9 =========================
2026/08/21 18:20:06 main.go:70: [LOGS] Making search request...
2026/08/21 18:20:06 main.go:75: found 0 listings
2026/08/21 18:20:06 main.go:79: Total elapsed time - 0 day(s), 00 hour(s) 08 minute(s)
2026/08/21 18:21:06 main.go:67: ========================= ITERATION 10 =========================
2026/08/21 18:21:06 main.go:70: [LOGS] Making search request...
2026/08/21 18:21:07 main.go:75: found 0 listings
2026/08/21 18:21:07 main.go:79: Total elapsed time - 0 day(s), 00 hour(s) 09 minute(s)
2026/08/21 20:22:04 main.go:67: ========================= ITERATION 11 =========================
2026/08/21 20:22:04 main.go:70: [LOGS] Making search request...
2026/08/21 20:22:04 main.go:57: error within the search loop:
ebay api error 401: {
  "errors": [
    {
      "errorId": 1001,
      "domain": "OAuth",
      "category": "REQUEST",
      "message": "Invalid access token",
      "longMessage": "Invalid access token. Check the value of the Authorization HTTP request header."
    }
  ]
}
2026/08/21 20:22:04 main.go:60: ================== stopping go-ebay-tracker ==================
